Pintura
Escultura
Teatro
Música
Cine
Danza
Literatura
Fotografía
Arquitectura
Diseño
Cineasta
Actor
Actriz
Guion
Escenografía
Performance
Instalación
Galería
Museo
Ópera
Ballet
Sinfonía
Comedia
Tragedia
Musical
Fotografía
Videoclips
Arte conceptual
Arte abstracto
Realismo
Cubismo
Surrealismo
Expresionismo
Impresionismo
Graffiti
Manga
Cómic
Animación
Escultura
Caricatura
Collage
Tatuaje
Estética
Diseño gráfico
Ilustración
Arte digital
Fresco
Acrílico
Óleo
Acuarela
Grabado
Cerámica
Artesanía
Teatro de sombras
Marionetas
Improvisación
Dramaturgia
Crítica
Estilo
Compositor
Director
Coreografía
Guionista
Dramaturgo
Prueba de vestuario
Maquillaje
Vestuario
Escenógrafo
Curaduría
Instalación artística
Street art
Arte pop
Minimalismo
Fotomontaje
Montaje
Cine independiente
Festival
Exhibición
Taller
Seminario
Retrato
Paisaje
Naturaleza muerta
Abstracto
Arte en vivo
Performance art
Estilo libre
Cine de autor
Estreno
Proyección
Producción
Crítica de arte
Historia del arte
Arte clásico
Arte moderno
Arte contemporáneo
Arte figurativo
Vanguardia
Galería de arte
Sala de conciertos
Club de jazz
Auditorio
Concierto
Recital
Exposición
Rehearsal
Clave de sol
Armonía
Melodía
Tempo
Ritmo
Escena
Actuación
Dirección
Apreciación
Escaleta
Prosa
Poesía
Relato
Novela
Cuento
Ensayo
Crítica literaria
Interpretación
Improvisación
Monólogo
Diálogo
Dramático
Libreto
Poema
Musicalización
Compositor
Solista
Coro
Banda
Cuadro
Escultura en mármol
Arte rupestre
Arte callejero
Diseño de interiores
Retoque fotográfico
Arte textual
Técnicas mixtas
Dibujo
Grabado
Pintura mural
Crítica de cine
Exhibición itinerante
Obras maestras
Conservación