Asado
Empanadas
Milanesa
Choripán
Provoleta
Choripán
Mate
Alfajores
Dulce de leche
Pizza
Milanesa a la napolitana
Empanadas salteñas
Humita
Locro
Carbonada
Puchero
Tamales
Ravioles
Ñoquis
Fainá
Bife de chorizo
Bife de costilla
Morcipán
Pollo al disco
Milanesa de pollo
Canelones
Tarta de acelga
Tarta de ricota
Pastel de papas
Gnocchi
Queso de cabra
Empanadas tucumanas
Chocotorta
Salsa criolla
Berenjenas en escabeche
Provoleta
Chinchulines
Mollejas
Flan con dulce de leche
Relleno de carne
Ensalada rusa
Pizza a la piedra
Pizza de muzzarella
Pizza de jamón y queso
Milanesa a la napolitana con papas fritas
Mollejas a la parrilla
Tamales salteños
Pastelitos
Panqueques con dulce de leche
Arrollado de carne
Empanadas de carne
Empanadas de pollo
Empanadas de queso
Pan de carne
Guiso de lentejas
Estofado
Sopa de zapallo
Tarta de manzana
Galletas de grasa
Manteca de cerdo
Bife de lomo
Costillas a la parrilla
Ravioles de ricota
Ñoquis de papa
Pastel de carne
Pionono
Ensalada de zanahoria y huevo
Empanadas de jamón y queso
Tamales de cerdo
Matambre a la parrilla
Panqueques con dulce de leche y crema
Budín de pan
Provolone
Empanadas de humita
Ensalada de papa
Tarta de zapallitos
Pizza de berenjena
Ropa vieja
Ensalada de espinaca
Guiso de carne
Churros con dulce de leche
Chocotorta con café
Pollo al horno
Crepes de dulce de leche
Mousse de chocolate
Tarta de frutillas
Flan con crema
Matambre al disco
Empanadas de verduras
Salsa de chimichurri
Pan relleno
Chocotorta con dulce de leche
Pollo a la parrilla
Queso con membrillo
Salsa blanca
Empanadas de carne y papa
Canelones de espinaca
Ensalada de tomate y cebolla
Pastel de zapallo
Tarta de cebolla
Flan con caramelo
Budín de limón
Provoleta con orégano
Pasta frola
Papas a la crema
Pizza de atún
Tarta de durazno
Tamales con queso
Empanadas de choclo
Pollo al limón
Ravioles de carne
Sopa de fideos
Pastel de carne picada
Budín de vainilla
Panqueques de dulce de leche
Ensalada de lentejas
Arroz con pollo
Pionono de jamón y queso
Chocotorta de durazno
Tarta de limón
Ravioles con salsa de tomate
Empanadas de carne picada
Ensalada de papa y huevo
Tarta de espinaca
Arrollado de pollo
Pizza de calabaza
Flan de dulce de leche
Budín de arroz
Tarta de frutas
Provoleta con ají
Sopa de verduras
Pastel de papa y carne
Empanadas de jamón
Ravioles con salsa blanca
Pizza de carne
Tarta de moras
Panqueques con crema
Tarta de peras
Bife de costilla con salsa
Gnocchis de espinaca
Tamales de carne
Ensalada de repollo
Empanadas de zapallo
Provoleta con pimientos
Pastel de carne con huevo
Tarta de zanahoria
Panqueques con mermelada
Chocotorta con frutas
Pizza con aceitunas
Tarta de manzana y canela