Fútbol
Baloncesto
Tenis
Natación
Atletismo
Golf
Rugby
Béisbol
Hockey sobre hielo
Hockey sobre césped
Voleibol
Boxeo
Artes marciales mixtas (MMA)
Judo
Taekwondo
Karate
Esgrima
Gimnasia
Escalada
Surf
Esquí
Snowboard
Patinaje artístico
Patinaje en línea
Ciclismo
Triatlón
Automovilismo
Motociclismo
Boxeo tailandés (Muay Thai)
Lucha libre
Bobsleigh
Skeleton
Luge
Esquí de fondo
Ski acuático
Windsurf
Kitesurf
Paracaidismo
Alpinismo
Orientación
Atletismo en pista
Atletismo de campo a través
Gimnasia rítmica
Gimnasia artística
Ajedrez
Pesca deportiva
Tiro con arco
Tiro deportivo
Esquí acrobático
Lucha grecorromana
Kickboxing
Danza deportiva
Patinaje de velocidad
Tenis de mesa
Badminton
Squash
Rugby a siete
Polo
Waterpolo
Balonmano
Handball
Cricket
Softbol
Ultimate Frisbee
Dardos
Rally
Curling
Esgrima histórica
Golf en miniatura
Raquetbol
Bolos
Shuffleboard
Bandy
Floorball
Hockey sobre patines
Surf de remo (SUP)
Rápel
Canoa
Kayak
Hidrospeed
Espeleología
Atletismo de montaña
Doma clásica
Salto ecuestre
Hípica
Ciclismo de montaña
Ciclismo en pista
Escalada en roca
Escalada en hielo
Paintball
Airsoft
Jiu-jitsu brasileño
Capoeira
Sambo
Krav Maga
Kendo
Aikido
Wing Chun
Ninjutsu
Yoga
Pilates
Escalada deportiva
Canoe polo
Polo acuático
Parapente
Vuelo libre
Escalada en hielo
Tai Chi
Muay Boran
Karate Kyokushin
Kickboxing K-1
Búlder
Swing
Salsa
Tango
Flamenco
Hip-hop
Breakdance
Danza del vientre
Danza clásica
Danza contemporánea
Atletismo en silla de ruedas
Rugby en silla de ruedas
Baloncesto en silla de ruedas
Goalball
Boccia
Tenis adaptado
Voleibol sentado
Esquí adaptado
Parapente
Esquí alpino adaptado
Trampolín
Ski freestyle
Snowkite
Salto base
Doma vaquera
Pentatlón moderno
Tiro al plato
Tiro al blanco
Tiro con pistola
Saltos ornamentales
Surf en olas grandes
Pesca con mosca
Bodyboard
Motocross
Enduro
Trial de motocicleta
BMX
Skateboarding
Escalada en boulder
