Diego Maradona
Lionel Messi
Alfredo Di Stéfano
Juan Román Riquelme
Gabriel Batistuta
Ariel Ortega
Daniel Passarella
Ricardo Bochini
César Luis Menotti
Ángel Di María
Carlos Tévez
Javier Mascherano
Sergio Agüero
Roberto Ayala
Hernán Crespo
Eduardo Berizzo
Osvaldo Ardiles
Leopoldo Luque
Mario Kempes
Javier Zanetti
Fernando Redondo
Ubaldo Fillol
Sergio Romero
Martín Palermo
Pablo Aimar
Nicolás Otamendi
Maxi Rodríguez
Claudio Caniggia
Esteban Cambiasso
Diego Simeone
Ricardo La Volpe
Roberto Perfumo
Omar Larrosa
Oscar Ruggeri
Gustavo Dezotti
Emiliano Martínez
Nicolás Gaitán
Andrés Guglielminpietro
Julio Olarticoechea
Horacio Carbonari
Gabriel Heinze
Ariel Arnaldo Ortega
Eduardo Salvio
Juan Sebastián Verón
Ezequiel Lavezzi
Fernando Gago
Marcos Rojo
Julio Baptista
Daniel Bertoni
Luis Artime
César Campagnaro
Pablo Zanetti
Adrián González
Gustavo López
Juan Pablo Sorín
Martín Arzuaga
Luis Hernández
Juan Simón
Ricardo Zielinski
Norberto Alonso
Luisito Suárez
Claudio Morel Rodríguez
Roberto Chale
Horacio Carbonari
Daniel Bilos
Ernesto Mastrángelo
Héctor Scarone
Ángel Labruna
Carlos Bilardo
Luis González
Miguel Brindisi
Alejandro Sabella
Rubén Díaz
Julio Salazar
Jorge Valdano
Manuel Lanzini
Lisandro López
Javier Saviola
Alejandro Domínguez
Mauro Icardi
Carlos Bianchi
Omar Bravo
Antonio Alzamendi
Gustavo Quinteros
Roberto Rivelino
Marcelo Gallardo
Hugo Gatti
Rubén Paz
Sergio Batista
Osvaldo Mósquera
Raúl Madero
Ricardo Rojas
Omar Asad
José Luis Brown
Mario Rodríguez
Daniel Passarella
Damián Musto
Luis Menotti
Daniel Tedeschi
Jorge Olguín
Sergio Almirón
Gerardo Martino
Omar Sívori
Néstor Clausen
Martín Benítez
Ricardo Enrique Bochini
Juan Carlos Lorenzo
Diego Perotti
Sebastián Battaglia
Luis Arenal
Pedro Pasculli
Francisco Valdés
Rafael Mancini
Luis María Carranza
Silvio Marzolini
Ricardo La Volpe
Sebastián Villa
Federico Valverde
Néstor Gorosito
Pablo González
Carlos Lobo
Luis Fabbiani
Francisco Varallo
Ramón Díaz
Jorge Valdano
Luis Artime
Martín Palermo
Rubén Gallego
Daniel Pérez
Miguel Ángel Russo
Germán Denis
Edgardo Bauza
Matías Suárez
Leonardo Ponzio
Fernando Belluschi
Cristian Ansaldi
Nicolás Burdisso
Emiliano Insúa
Carlos Sánchez
José Luis Calderón
Ricardo Bino
Manuel Pellegrini
Martín Palermo
Lucas Ocampos
Marcos Acuña
Emiliano Rigoni
Pablo Forlán
Ariel Ortega
Patricio Rodríguez
Matías Fernández