Superman
Batman
Wonder Woman
Spider-Man
Iron Man
Captain America
Thor
Hulk
Black Widow
Hawkeye
Flash
Green Lantern
Aquaman
Daredevil
Wolverine
Deadpool
Captain Marvel (Carol Danvers)
Black Panther
Doctor Strange
Ant-Man
Wasp
Scarlet Witch
Vision
Spider-Gwen
Nightcrawler
Storm
Cyclops
Jean Grey
Beast
Iceman
Rogue
Gambit
Gambit
Colossus
Kitty Pryde
Angel
Psylocke
Domino
Cable
Silver Surfer
Ghost Rider
Blade
Luke Cage
Jessica Jones
Iron Fist
Hellcat
Shang-Chi
Mantis
Star-Lord
Gamora
Drax
Rocket Raccoon
Groot
Moon Knight
Ms. Marvel (Kamala Khan)
She-Hulk
Daredevil
Elektra
The Punisher
Squirrel Girl
Green Arrow
Green Lantern (Hal Jordan)
Green Lantern (John Stewart)
Black Canary
Hawkman
Hawkgirl
Shazam
Power Girl
Blue Beetle
Booster Gold
Static Shock
Zatanna
John Constantine
Swamp Thing
Etrigan the Demon
Doctor Fate
Atom
Red Tornado
Captain Atom
Firestorm
Vixen
Plastic Man
Phantom Stranger
Red Hood
Nightwing
Robin (Dick Grayson)
Batgirl
Spoiler
Orphan
Batwoman
Tim Drake (Red Robin)
Damian Wayne (Robin)
Cassandra Cain (Batgirl)
Stephanie Brown (Batgirl)
The Question
Blue Lantern (Saint Walker)
Sinestro (Yellow Lantern)
Lobo
The Creeper
Bizarro
Solomon Grundy
Killer Croc
Two-Face
Riddler
Penguin
Catwoman
Harley Quinn
Poison Ivy
Ra's al Ghul
Talia al Ghul
Deathstroke
Cheetah
Gorilla Grodd
Brainiac
Lex Luthor
Darkseid
Doomsday
General Zod
Mongul
Metamorpho
Elongated Man
Captain Cold
Mirror Master
Heat Wave
Weather Wizard
Abra Kadabra
Zoom
Savitar
Grodd
Deadshot
Killer Frost
Black Manta
Ocean Master
Atlanna
Aqualad
Mera
Vandal Savage
Darkhawk
Moon Knight
Nova
Star-Lord
Rocket Raccoon
Groot
Ironheart
Riri Williams
America Chavez
Patriot
Red Hulk
War Machine
Ares