abstracción
hardware
accesar
actualizar
adjunto
alfombrilla
alojamiento
análisis
aplicación
apuntador
apuntar
árbol
archivo
arquitectura
arranque
atributo
autenticación
bajar
bajarse
barra
beta
biblioteca
bit
bloquear
borrador
botón
minimizar
bus
buscador
buzón
bit
byte
caché
cadena
capacidad
carga
cargar
carpeta
clic
cliente
clonación
clonar
código
binario
fuente
objeto
coercitividad
colgar
comentario
compilación
compilador
compilar
complemento
computación
computacional
portátil
computadora
contraseña
controlador
correo
correr
cuarentena
dato
definir
deprecar
desactivar
descarga
descargar
diálogo
digitalización
IP
directorio
disco
rígido
disquete
disquetera
editar
emulación
enlace
ensamblador
entidad
entorno
entropía
envirar
escritorio
estado
estrategia
exportar
expresión
extensión
favorito
formatear
formato
frontispicio
fuente
gigabyte
gratuidad
gusano
hackear
hardware
heurística
hilo
hiperenlace
hiperespacio
hipervínculo
historial
HTML
identificador
imagen
indecidible
índice
información
informática
informático
instalar
instanciación
integridad
interfaz
internet
intérprete
jaquear
kilobyte
laucha
lectura
leer
lenguaje
ensamblador
liga
lista
llamada
llave
mail
megabyte
memoria
mensaje
menú
método
migración
módem
modificador
monitor
montículo
mouse
multilenguaje
navegación
navegador
nodo
nudo
objeto
octeto
ofimática
online
ontología
página
palabra
pantalla
paradigma
parámetro
parche
paridad
partición
paseo virtual
periférico
pesado
pestaña
pincho
pirata
plato
postear
predicado
procesador
programa
programación
propietario
protocolo
prototipo
puerto
puntero
ratón
rebotar
receptividad
recurrente
red
reenviar
repositorio
reproductor
rutina
salvar
sector
servidor
sesión
sintaxis
sistema
fichero
operativo
sitio
sobrescribir
software
soportar
soquete
SQL
subir
suite
tableta
tabuladora
tamaño
tarjeta
teclado
teclado
telnet
terabyte
terminal
ticar
troyano
unidad
usuario
variable
vector
ventana
vértice
vínculo
viral
virtualización
virus
volcar
volumen
vulnerable
web
XML