Luis Alberto Spinetta
Charly García
Fito Páez
Soda Stereo (Gustavo Cerati)
Andrés Calamaro
Mercedes Sosa
Luis Fonsi
Ricardo Arjona
Paula Lima
Vicentico
Nathy Peluso
Gato Barbieri
Eladia Blázquez
Cacho Castaña
Fabiana Cantilo
Natalia Oreiro
Joaquín Sabina
Jorge Drexler
Dani Umpi
Santi Malamud
Manu Chao
Pedro Aznar
Liliana Herrero
César Banana Pueyrredón
Lali Espósito
Ángel y los Demonios
Luis Salinas
Rita Lee
Los Auténticos Decadentes
Las Pastillas del Abuelo
Los Fabulosos Cadillacs
Babasónicos
Calamaro
Rafael Ferro
Ana Prada
Litto Nebbia
Daniel Melero
Gustavo Santaolalla
Soda Stereo
Nito Mestre
Jorge Rojas
Fito Páez
Mercedes Sosa
Valeria Lynch
Marcela Morelo
Tito Fernández
Guillermo Vadalá
La Renga
Ricardo Montaner
La Sole (Soledad Pastorutti)
Alicia Borrachero
Pappo
Catupecu Machu
Ricardo Arjona
Dante Spinetta
Teto Medina
Sandro
Lito Nebbia
Jairo
Gilda
María Becerra
El Chaqueño Palavecino
Patricia Sosa
Alfredo Casero
Mónica Naranjo
Noe Bechara
Miriam Rodríguez
Carmen Barbieri
Víctor Heredia
Luis Jara
Marina Fages
Emanuel Ortega
Natalia Lafourcade
Julieta Venegas
Juanes
Alejandro Lerner
Valeria Lynch
Los Pericos
Café Tacuba
Ritmo de la Noche
Beto Cuevas
Mónica Naranjo
Jimena Barón
Jorge Rojas
Luis Salinas
Rocío Dúrcal
Julieta Venegas
Ricardo Arjona
Lila Downs
León Gieco
Gustavo Cordera
Joaquín Sabina
La Mona Jiménez
Catupecu Machu
Dante Spinetta
María Elena Walsh
Paloma San Basilio
Gian Marco
Gabriela Sabatini
Juan Pablo Shuk
Los Redonditos de Ricota
Pablo Lescano
Marcelo Moura
Marcela Morelo
Luciana
Luis Salinas
Joaquín Sabina
Adrián Dárgelos
Hilda Lizarazu
Raúl Porchetto
El Tunga
Emilia Mernes
Germán Daffunchio
Guillermo Fernández
Valeria Lynch
Juan Carlos Baglietto
Los Cafres
Marta Sánchez
Leon Gieco
Los Nocheros
Fito Páez
Marcela Morelo
Fabiana Cantilo
Cecilia Roth
Manu Chao
Rocío Dúrcal
La Mosca Tse-Tse
Los Auténticos Decadentes
Nacha Guevara
Alejandro Lerner
Joaquín Sabina
Sandro
Los Fabulosos Cadillacs
Los Pericos
León Gieco
Nito Mestre
Pablo Alborán
Vicentico
Fito Páez
Marcelo Moura
María Elena Walsh
Alejandra Guzmán
Sandro
Los Nocheros
Jimena Barón
Soledad Pastorutti
Sabrina Salerno
Ruben Rada
Luciana
Emanuel Ortega