Oppenheimer
Barbie 
Dune
Avatar
Top Gun
Everything Everywhere All at Once 
The Batman 
Black Panther
No Time to Die 
Dune 
Spider-Man
West Side Story 
The French Dispatch 
Judas and the Black Messiah 
Nomadland 
The Trial of the Chicago 7 
Tenet 
Soul
Parasite
Once Upon a Time in Hollywood 
1917 
Joker 
Avengers
The Lion King
Frozen II 
Jojo Rabbit 
Knives Out 
A Star Is Born 
Black Panther 
Avengers
Bohemian Rhapsody 
The Shape of Water 
Get Out 
Dunkirk 
Lady Bird 
Wonder Woman 
La La Land 
Moonlight 
Arrival 
Manchester
Hidden Figures 
Deadpool 
Mad Max
The Revenant 
Spotlight 
Inside Out
Ex Machina 
Birdman 
The Grand Budapest Hotel 
Interstellar
Guardians of the Galaxy 
Frozen 
12 Years a Slave
Gravity 
The Wolf of Wall Street
Argo 
Skyfall 
The Hunger Games 
Inception 
The Social Network
Toy Story 3 
Black Swan 
Up
Inglourious Basterds 
The Hurt Locker 
Slumdog Millionaire 
The Dark Knight 
No Country for Old Men 
The Departed
The Lives of Others 
Pan’s Labyrinth 
Casino Royale 
Brokeback Mountain 
Crash 
The Incredibles 
Eternal Sunshine of the Spotless Mind 
Lord of the Rings: Return of the King 
Finding Nemo
The Pianist 
A Beautiful Mind 
Gladiator 
Memento 
The Matrix
American Beauty 
The Sixth Sense 
Saving Private Ryan 
Titanic 
The English Patient 
Pulp Fiction 
The Shawshank Redemption 
Schindler’s List 
Jurassic Park 
The Silence of the Lambs 
Goodfellas 
Back to the Future Part III 
The Abyss
Die Hard 
Et
Raiders of the Lost Ark
Star Wars: Episode IV - A New Hope
The Godfather Part II 
The Godfather 
2001
Lawrence of Arabia 
Ben-Hur 
Rear Window
Casablanca 
Gone with the Wind 
The Wizard of Oz 
The Maltese Falcon
City Lights 
The Birth of a Nation
Metropolis 
The Cabinet 
Nosferatu 
The Phantom of the Opera
Intolerance 
The Gold Rush
The Great Train Robbery
A Trip to the Moon 
The Jazz Singer 
Modern Times 
To Kill a Mockingbird 
The Bridge on the River Kwai 
On the Waterfront 
Sunset Boulevard 
All About Eve
The Best Years of Our Lives 
It's a Wonderful Life 
Citizen Kane
The Grapes of Wrath 
Mr. Smith Goes to Washington 
Gone with the Wind 
The Public Enemy 
The Birth of a Nation 
The Kid 
The Last Picture Show 
The Sting 
The French Connection 
Chinatown 
One Flew Over the Cuckoo’s Nest 
Taxi Driver 
Annie Hall 
Apocalypse Now 
